\BOOKMARK [0][-]{section*.2}{\376\377\006\101\006\107\006\061\006\063\006\052\000\040\006\052\006\065\006\047\006\110\006\314\006\061}{}% 1
\BOOKMARK [0][-]{section*.3}{\376\377\006\101\006\107\006\061\006\063\006\052\000\040\006\054\006\057\006\047\006\110\006\104}{}% 2
\BOOKMARK [0][-]{chapter.1}{\376\377\006\105\006\102\006\057\006\105\006\107}{}% 3
\BOOKMARK [0][-]{chapter.2}{\376\377\006\105\006\057\006\104\040\014\006\107\006\047\006\314\000\040\006\176\006\056\006\064\006\314\000\040\006\110\000\040\006\061\006\110\006\314\006\251\006\061\006\057\040\014\006\107\006\047\006\314\000\040\006\047\006\101\006\062\006\047\006\314\006\064\000\040\006\063\006\061\006\071\006\052}{}% 4
\BOOKMARK [1][-]{section.2.1}{\376\377\006\052\006\071\006\047\006\061\006\314\006\101}{chapter.2}% 5
\BOOKMARK [2][-]{subsection.2.1.1}{\376\377\006\105\006\057\006\104\040\014\006\107\006\047\006\314\000\040\006\105\006\110\006\104\006\057}{section.2.1}% 6
\BOOKMARK [2][-]{subsection.2.1.2}{\376\377\006\105\006\057\006\104\040\014\006\107\006\047\006\314\000\040\006\176\006\056\006\064\006\314}{section.2.1}% 7
\BOOKMARK [2][-]{subsection.2.1.3}{\376\377\006\105\006\057\006\104\040\014\006\107\006\047\006\314\000\040\006\176\006\056\006\064\006\314\000\040\006\047\006\055\006\052\006\105\006\047\006\104\006\047\006\052\006\314\000\040\006\106\006\110\006\314\006\062\006\062\006\057\006\047}{section.2.1}% 8
\BOOKMARK [3][-]{subsubsection.2.1.3.1}{\376\377\006\052\006\071\006\061\006\314\006\101\000\040\006\105\006\057\006\104}{subsection.2.1.3}% 9
\BOOKMARK [3][-]{subsubsection.2.1.3.2}{\376\377\006\105\006\063\006\314\006\061\000\040\006\061\006\110\000\040\006\050\006\107\000\040\006\054\006\104\006\110}{subsection.2.1.3}% 10
\BOOKMARK [3][-]{subsubsection.2.1.3.3}{\376\377\006\105\006\063\006\314\006\061\000\040\006\061\006\110\000\040\006\050\006\107\000\040\006\071\006\102\006\050}{subsection.2.1.3}% 11
\BOOKMARK [3][-]{subsubsection.2.1.3.4}{\376\377\006\052\006\047\006\050\006\071\000\040\006\105\006\057\006\104\000\040\006\105\006\110\006\104\006\057}{subsection.2.1.3}% 12
\BOOKMARK [3][-]{subsubsection.2.1.3.5}{\376\377\006\052\006\071\006\061\006\314\006\101\000\040\006\052\006\047\006\050\006\071\000\040\006\056\006\067\006\047}{subsection.2.1.3}% 13
\BOOKMARK [3][-]{subsubsection.2.1.3.6}{\376\377\006\052\006\072\006\314\006\314\006\061\000\040\006\176\006\047\006\061\006\047\006\105\006\052\006\061\000\040\006\052\006\047\006\050\006\071\000\040\006\056\006\067\006\047}{subsection.2.1.3}% 14
\BOOKMARK [3][-]{subsubsection.2.1.3.7}{\376\377\006\101\006\061\006\042\006\314\006\106\006\057\000\040\006\314\006\047\006\057\006\257\006\314\006\061\006\314}{subsection.2.1.3}% 15
\BOOKMARK [3][-]{subsubsection.2.1.3.8}{\376\377\006\101\006\061\006\042\006\314\006\106\006\057\000\040\006\052\006\110\006\104\006\314\006\057\000\040\006\106\006\105\006\110\006\106\006\107\040\014\006\314\000\040\006\054\006\057\006\314\006\057}{subsection.2.1.3}% 16
\BOOKMARK [2][-]{subsection.2.1.4}{\376\377\006\047\006\106\006\110\006\047\006\071\000\040\006\105\006\071\006\105\006\047\006\061\006\314\000\040\006\105\006\057\006\104\040\014\006\107\006\047\006\314\000\040\006\176\006\056\006\064\006\314\000\040\006\106\006\110\006\314\006\062\006\062\006\057\006\047\006\314\000\040\006\047\006\055\006\052\006\105\006\047\006\104\006\047\006\052\006\314}{section.2.1}% 17
\BOOKMARK [3][-]{subsubsection.2.1.4.1}{\376\377\006\105\006\057\006\104\000\040\006\176\006\056\006\064\006\314\000\040\006\106\006\107\006\047\006\106}{subsection.2.1.4}% 18
\BOOKMARK [3][-]{subsubsection.2.1.4.2}{\376\377\006\105\006\057\006\104\000\040\006\176\006\056\006\064\006\314\000\040\006\105\006\050\006\052\006\314\000\040\006\050\006\061\000\040\006\105\006\050\006\057\006\104\040\014}{subsection.2.1.4}% 19
\BOOKMARK [1][-]{section.2.2}{\376\377\006\061\006\110\006\314\006\251\006\061\006\057\040\014\006\107\006\047\006\314\000\040\006\047\006\101\006\062\006\047\006\314\006\064\000\040\006\063\006\061\006\071\006\052}{chapter.2}% 20
\BOOKMARK [2][-]{subsection.2.2.1}{\376\377\006\061\006\110\006\314\006\251\006\061\006\057\040\014\006\107\006\047\006\314\000\040\006\251\006\047\006\107\006\064\000\040\006\052\006\071\006\057\006\047\006\057\000\040\006\257\006\047\006\105\040\014\006\107\006\047}{section.2.2}% 21
\BOOKMARK [2][-]{subsection.2.2.2}{\376\377\006\061\006\110\006\314\006\251\006\061\006\057\040\014\006\107\006\047\006\314\000\040\006\251\006\047\006\107\006\064\000\040\006\105\006\055\006\047\006\063\006\050\006\047\006\052\000\040\006\107\006\061\000\040\006\257\006\047\006\105}{section.2.2}% 22
\BOOKMARK [3][-]{subsubsection.2.2.2.1}{\376\377\006\257\006\063\006\063\006\052\006\107\040\014\006\063\006\047\006\062\006\314}{subsection.2.2.2}% 23
\BOOKMARK [3][-]{subsubsection.2.2.2.2}{\376\377\006\251\006\047\006\107\006\064\000\040\006\052\006\110\006\251\006\106\040\014\006\107\006\047}{subsection.2.2.2}% 24
\BOOKMARK [3][-]{subsubsection.2.2.2.3}{\376\377\006\047\006\063\006\052\006\101\006\047\006\057\006\107\040\014\000\040\006\047\006\062\000\040\006\055\006\047\006\101\006\070\006\107\040\014\006\314\000\040\006\176\006\106\006\107\006\047\006\106}{subsection.2.2.2}% 25
\BOOKMARK [0][-]{subsubsubsection.2.2.2.3.1}{\376\377\006\061\006\110\006\064\000\040\006\047\006\063\006\052\006\101\006\047\006\057\006\107\000\040\006\047\006\062\000\040\006\055\006\047\006\101\006\070\006\107\040\014\006\314\000\040\006\176\006\106\006\107\006\047\006\106\000\040\006\071\006\105\006\314\006\102}{}% 26
\BOOKMARK [0][-]{appendix*.4}{\376\377\006\251\006\052\006\047\006\050\040\014\006\106\006\047\006\105\006\107}{}% 27
\BOOKMARK [0][-]{appendix*.5}{\376\377\006\110\006\047\006\230\006\107\040\014\006\106\006\047\006\105\006\107\040\014\006\314\000\040\006\101\006\047\006\061\006\063\006\314\000\040\006\050\006\107\000\040\006\047\006\106\006\257\006\104\006\314\006\063\006\314}{}% 28
\BOOKMARK [0][-]{appendix*.6}{\376\377\006\110\006\047\006\230\006\107\040\014\006\106\006\047\006\105\006\107\040\014\006\314\000\040\006\047\006\106\006\257\006\104\006\314\006\063\006\314\000\040\006\050\006\107\000\040\006\101\006\047\006\061\006\063\006\314}{}% 29
